../Core/Src/main.c:155:5:Kalman_getAngle	104	static
../Core/Src/main.c:185:9:MPU6050_Init	32	static
../Core/Src/main.c:217:6:MPU6050_Read_All	112	static
../Core/Src/main.c:285:7:gettheta	24	static
../Core/Src/main.c:290:7:getphi	24	static
../Core/Src/main.c:294:7:map	32	static
../Core/Src/main.c:297:7:constrain	24	static
../Core/Src/main.c:306:6:StopandReset	24	static
../Core/Src/main.c:313:6:LQR_Init	4	static
../Core/Src/main.c:323:6:getLQR	64	static
../Core/Src/main.c:329:6:getfunctionLQR	24	static
../Core/Src/main.c:362:6:PID_Init	4	static
../Core/Src/main.c:384:6:PID_Cal_Left	24	static
../Core/Src/main.c:389:6:PID_Cal_Right	24	static
../Core/Src/main.c:400:5:main	104	static
../Core/Src/main.c:497:6:SystemClock_Config	88	static
../Core/Src/main.c:543:13:MX_I2C1_Init	8	static
../Core/Src/main.c:577:13:MX_TIM2_Init	56	static
../Core/Src/main.c:626:13:MX_TIM3_Init	48	static
../Core/Src/main.c:687:13:MX_TIM4_Init	56	static
../Core/Src/main.c:736:13:MX_GPIO_Init	24	static
../Core/Src/main.c:762:6:StartMPU6050ask	16	static
../Core/Src/main.c:785:6:StartTaskFunction	16	static
../Core/Src/main.c:827:6:StartTaskCalPID	16	static
../Core/Src/main.c:847:6:HAL_TIM_PeriodElapsedCallback	16	static
../Core/Src/main.c:864:6:Error_Handler	4	static,ignoring_inline_asm
