../Core/Src/main.c:138:5:Kalman_getAngle	104	static
../Core/Src/main.c:168:9:MPU6050_Init	32	static
../Core/Src/main.c:200:6:MPU6050_Read_All	112	static
../Core/Src/main.c:278:7:gettheta	24	static
../Core/Src/main.c:283:7:getphi	24	static
../Core/Src/main.c:287:7:map	32	static
../Core/Src/main.c:290:7:constrain	24	static
../Core/Src/main.c:299:6:StopandReset	24	static
../Core/Src/main.c:306:6:LQR_init	8	static
../Core/Src/main.c:324:6:getLQR	64	static
../Core/Src/main.c:333:6:getfunctionLQR	32	static
../Core/Src/main.c:365:5:main	72	static
../Core/Src/main.c:456:6:SystemClock_Config	88	static
../Core/Src/main.c:502:13:MX_I2C1_Init	8	static
../Core/Src/main.c:536:13:MX_TIM2_Init	56	static
../Core/Src/main.c:585:13:MX_TIM3_Init	48	static
../Core/Src/main.c:646:13:MX_TIM4_Init	56	static
../Core/Src/main.c:695:13:MX_GPIO_Init	24	static
../Core/Src/main.c:721:6:StartMPU6050ask	16	static
../Core/Src/main.c:741:6:StartTaskFunction	16	static
../Core/Src/main.c:766:6:HAL_TIM_PeriodElapsedCallback	16	static
../Core/Src/main.c:783:6:Error_Handler	4	static,ignoring_inline_asm
