../Core/Src/main.c:137:5:Kalman_getAngle	104	static
../Core/Src/main.c:167:9:MPU6050_Init	32	static
../Core/Src/main.c:199:6:MPU6050_Read_All	112	static
../Core/Src/main.c:278:7:gettheta	24	static
../Core/Src/main.c:283:7:getphi	24	static
../Core/Src/main.c:287:6:map	24	static
../Core/Src/main.c:290:6:constrain	24	static
../Core/Src/main.c:296:6:getLQR	72	static
../Core/Src/main.c:305:6:getfunctionLQR	32	static
../Core/Src/main.c:340:5:main	72	static
../Core/Src/main.c:431:6:SystemClock_Config	88	static
../Core/Src/main.c:477:13:MX_I2C1_Init	8	static
../Core/Src/main.c:511:13:MX_TIM2_Init	56	static
../Core/Src/main.c:560:13:MX_TIM3_Init	48	static
../Core/Src/main.c:621:13:MX_TIM4_Init	56	static
../Core/Src/main.c:670:13:MX_GPIO_Init	24	static
../Core/Src/main.c:696:6:StartMPU6050ask	16	static
../Core/Src/main.c:715:6:StartTaskFunction	16	static
../Core/Src/main.c:741:6:HAL_TIM_PeriodElapsedCallback	16	static
../Core/Src/main.c:758:6:Error_Handler	4	static,ignoring_inline_asm
