../Core/Src/main.c:162:5:Kalman_getAngle	104	static
../Core/Src/main.c:192:9:MPU6050_Init	32	static
../Core/Src/main.c:224:6:MPU6050_Read_All	112	static
../Core/Src/main.c:292:7:gettheta	24	static
../Core/Src/main.c:297:7:getphi	24	static
../Core/Src/main.c:301:7:map	32	static
../Core/Src/main.c:304:7:constrain	24	static
../Core/Src/main.c:313:6:StopandReset	24	static
../Core/Src/main.c:320:6:LQR_Init	4	static
../Core/Src/main.c:330:6:getLQR	64	static
../Core/Src/main.c:336:6:getfunctionLQR	24	static
../Core/Src/main.c:365:6:PID_Init	4	static
../Core/Src/main.c:387:6:PID_Cal_Left	24	static
../Core/Src/main.c:392:6:PID_Cal_Right	24	static
../Core/Src/main.c:397:6:HAL_UART_TxCpltCallback	16	static
../Core/Src/main.c:411:5:main	104	static
../Core/Src/main.c:516:6:SystemClock_Config	88	static
../Core/Src/main.c:562:13:MX_I2C1_Init	8	static
../Core/Src/main.c:596:13:MX_TIM2_Init	56	static
../Core/Src/main.c:645:13:MX_TIM3_Init	48	static
../Core/Src/main.c:706:13:MX_TIM4_Init	56	static
../Core/Src/main.c:755:13:MX_TIM5_Init	32	static
../Core/Src/main.c:800:13:MX_USART1_UART_Init	8	static
../Core/Src/main.c:833:13:MX_GPIO_Init	24	static
../Core/Src/main.c:859:6:StartMPU6050ask	16	static
../Core/Src/main.c:883:6:StartTaskFunction	16	static
../Core/Src/main.c:927:6:StartTaskCalPID	16	static
../Core/Src/main.c:947:6:HAL_TIM_PeriodElapsedCallback	16	static
../Core/Src/main.c:976:6:Error_Handler	4	static,ignoring_inline_asm
