../Core/Src/main.c:154:5:Kalman_getAngle	104	static
../Core/Src/main.c:184:9:MPU6050_Init	32	static
../Core/Src/main.c:216:6:MPU6050_Read_All	112	static
../Core/Src/main.c:284:7:gettheta	24	static
../Core/Src/main.c:289:7:getphi	24	static
../Core/Src/main.c:293:7:map	32	static
../Core/Src/main.c:296:7:constrain	24	static
../Core/Src/main.c:305:6:StopandReset	24	static
../Core/Src/main.c:312:6:LQR_Init	4	static
../Core/Src/main.c:322:6:getLQR	64	static
../Core/Src/main.c:328:6:getfunctionLQR	24	static
../Core/Src/main.c:361:6:PID_Init	4	static
../Core/Src/main.c:383:6:PID_Cal_Left	24	static
../Core/Src/main.c:388:6:PID_Cal_Right	24	static
../Core/Src/main.c:399:5:main	72	static
../Core/Src/main.c:492:6:SystemClock_Config	88	static
../Core/Src/main.c:538:13:MX_I2C1_Init	8	static
../Core/Src/main.c:572:13:MX_TIM2_Init	56	static
../Core/Src/main.c:621:13:MX_TIM3_Init	48	static
../Core/Src/main.c:682:13:MX_TIM4_Init	56	static
../Core/Src/main.c:731:13:MX_GPIO_Init	24	static
../Core/Src/main.c:757:6:StartMPU6050ask	16	static
../Core/Src/main.c:780:6:StartTaskFunction	16	static
../Core/Src/main.c:823:6:HAL_TIM_PeriodElapsedCallback	16	static
../Core/Src/main.c:840:6:Error_Handler	4	static,ignoring_inline_asm
