../Core/Src/main.c:146:5:Kalman_getAngle	104	static
../Core/Src/main.c:176:9:MPU6050_Init	32	static
../Core/Src/main.c:208:6:MPU6050_Read_All	112	static
../Core/Src/main.c:306:7:gettheta	24	static
../Core/Src/main.c:311:7:getphi	24	static
../Core/Src/main.c:315:7:map	32	static
../Core/Src/main.c:318:7:constrain	24	static
../Core/Src/main.c:327:6:StopandReset	24	static
../Core/Src/main.c:334:6:LQR_init	8	static
../Core/Src/main.c:352:6:getLQR	64	static
../Core/Src/main.c:361:6:getfunctionLQR	32	static
../Core/Src/main.c:401:5:main	72	static
../Core/Src/main.c:492:6:SystemClock_Config	88	static
../Core/Src/main.c:538:13:MX_I2C1_Init	8	static
../Core/Src/main.c:572:13:MX_TIM2_Init	56	static
../Core/Src/main.c:621:13:MX_TIM3_Init	48	static
../Core/Src/main.c:682:13:MX_TIM4_Init	56	static
../Core/Src/main.c:731:13:MX_GPIO_Init	24	static
../Core/Src/main.c:757:6:StartMPU6050ask	16	static
../Core/Src/main.c:780:6:StartTaskFunction	16	static
../Core/Src/main.c:800:6:HAL_TIM_PeriodElapsedCallback	16	static
../Core/Src/main.c:817:6:Error_Handler	4	static,ignoring_inline_asm
