../Core/Src/main.c:156:5:Kalman_getAngle	104	static
../Core/Src/main.c:186:9:MPU6050_Init	32	static
../Core/Src/main.c:218:6:MPU6050_Read_All	112	static
../Core/Src/main.c:286:7:gettheta	24	static
../Core/Src/main.c:291:7:getphi	24	static
../Core/Src/main.c:295:7:map	32	static
../Core/Src/main.c:298:7:constrain	24	static
../Core/Src/main.c:307:6:StopandReset	24	static
../Core/Src/main.c:314:6:LQR_Init	4	static
../Core/Src/main.c:324:6:getLQR	64	static
../Core/Src/main.c:330:6:getfunctionLQR	24	static
../Core/Src/main.c:359:6:PID_Init	4	static
../Core/Src/main.c:381:6:PID_Cal_Left	24	static
../Core/Src/main.c:386:6:PID_Cal_Right	24	static
../Core/Src/main.c:399:5:main	104	static
../Core/Src/main.c:496:6:SystemClock_Config	88	static
../Core/Src/main.c:542:13:MX_I2C1_Init	8	static
../Core/Src/main.c:576:13:MX_TIM2_Init	56	static
../Core/Src/main.c:625:13:MX_TIM3_Init	48	static
../Core/Src/main.c:686:13:MX_TIM4_Init	56	static
../Core/Src/main.c:735:13:MX_GPIO_Init	24	static
../Core/Src/main.c:761:6:StartMPU6050ask	16	static
../Core/Src/main.c:784:6:StartTaskFunction	16	static
../Core/Src/main.c:828:6:StartTaskCalPID	16	static
../Core/Src/main.c:848:6:HAL_TIM_PeriodElapsedCallback	16	static
../Core/Src/main.c:865:6:Error_Handler	4	static,ignoring_inline_asm
