../Core/Src/main.c:137:5:Kalman_getAngle	104	static
../Core/Src/main.c:167:9:MPU6050_Init	32	static
../Core/Src/main.c:199:6:MPU6050_Read_All	112	static
../Core/Src/main.c:274:7:gettheta	24	static
../Core/Src/main.c:279:7:getphi	24	static
../Core/Src/main.c:283:6:map	24	static
../Core/Src/main.c:287:6:getLQR	32	static
../Core/Src/main.c:299:5:main	72	static
../Core/Src/main.c:390:6:SystemClock_Config	88	static
../Core/Src/main.c:436:13:MX_I2C1_Init	8	static
../Core/Src/main.c:470:13:MX_TIM2_Init	56	static
../Core/Src/main.c:519:13:MX_TIM3_Init	48	static
../Core/Src/main.c:580:13:MX_TIM4_Init	56	static
../Core/Src/main.c:629:13:MX_GPIO_Init	24	static
../Core/Src/main.c:655:6:StartMPU6050ask	16	static
../Core/Src/main.c:674:6:StartTaskFunction	24	static
../Core/Src/main.c:699:6:HAL_TIM_PeriodElapsedCallback	16	static
../Core/Src/main.c:716:6:Error_Handler	4	static,ignoring_inline_asm
